// Jest Snapshot v1, https://goo.gl/fbAQLP

exports[`HomeContainer should render correctly 1`] = `
<RNCSafeAreaView
  edges={
    {
      "bottom": "additive",
      "left": "additive",
      "right": "additive",
      "top": "additive",
    }
  }
>
  <RNCSafeAreaView
    edges={
      {
        "bottom": "off",
        "left": "off",
        "right": "off",
        "top": "additive",
      }
    }
    style={
      {
        "backgroundColor": "#2A5C99",
        "flexDirection": "row",
        "justifyContent": "space-between",
        "paddingHorizontal": 24,
        "paddingVertical": 16,
        "width": "100%",
      }
    }
  >
    <View
      style={
        {
          "alignItems": "center",
          "flexDirection": "row",
        }
      }
    >
      <Text
        style={
          [
            {
              "color": "#D9D9D9",
              "fontSize": 16,
              "fontWeight": "normal",
            },
            undefined,
          ]
        }
      >
        Ol√°, 
      </Text>
      <Text
        style={
          [
            {
              "color": "#D9D9D9",
              "fontSize": 16,
              "fontWeight": "bold",
            },
            undefined,
          ]
        }
      >
        Deyverson
      </Text>
    </View>
    <View
      style={
        {
          "alignItems": "center",
          "backgroundColor": "#EAC43D",
          "borderRadius": 24,
          "height": 48,
          "justifyContent": "center",
          "width": 48,
        }
      }
    >
      <Text
        style={
          [
            {
              "color": "#D9D9D9",
              "fontSize": 16,
              "fontWeight": "bold",
            },
            {
              "color": "#2A5C99",
            },
          ]
        }
      >
        DY
      </Text>
    </View>
  </RNCSafeAreaView>
  <RNCSafeAreaView
    edges={
      {
        "bottom": "additive",
        "left": "additive",
        "right": "additive",
        "top": "additive",
      }
    }
    style={
      {
        "backgroundColor": "#232E38",
        "flex": 1,
        "flexDirection": "column",
        "justifyContent": "space-between",
        "padding": 24,
      }
    }
  />
</RNCSafeAreaView>
`;
