// Jest Snapshot v1, https://goo.gl/fbAQLP

exports[`ProfileHeader renders correctly 1`] = `
<RNCSafeAreaView
  edges={
    {
      "bottom": "additive",
      "left": "additive",
      "right": "additive",
      "top": "additive",
    }
  }
>
  <RNCSafeAreaView
    edges={
      {
        "bottom": "off",
        "left": "off",
        "right": "off",
        "top": "additive",
      }
    }
    style={
      {
        "backgroundColor": "#2A5C99",
        "flexDirection": "row",
        "justifyContent": "space-between",
        "paddingHorizontal": 24,
        "paddingVertical": 16,
        "width": "100%",
      }
    }
  >
    <View
      style={
        {
          "alignItems": "center",
          "flexDirection": "row",
        }
      }
    >
      <Text
        style={
          [
            {
              "color": "#D9D9D9",
              "fontSize": 16,
              "fontWeight": "normal",
            },
            {
              "color": undefined,
            },
          ]
        }
      >
        Ol√°,
         
      </Text>
      <Text
        style={
          [
            {
              "color": "#D9D9D9",
              "fontSize": 16,
              "fontWeight": "bold",
            },
            {
              "color": undefined,
            },
          ]
        }
      />
    </View>
    <View
      accessibilityState={
        {
          "busy": undefined,
          "checked": undefined,
          "disabled": undefined,
          "expanded": undefined,
          "selected": undefined,
        }
      }
      accessibilityValue={
        {
          "max": undefined,
          "min": undefined,
          "now": undefined,
          "text": undefined,
        }
      }
      accessible={true}
      collapsable={false}
      focusable={true}
      onClick={[Function]}
      onResponderGrant={[Function]}
      onResponderMove={[Function]}
      onResponderRelease={[Function]}
      onResponderTerminate={[Function]}
      onResponderTerminationRequest={[Function]}
      onStartShouldSetResponder={[Function]}
      style={
        {
          "alignItems": "center",
          "backgroundColor": "#EAC43D",
          "borderRadius": 24,
          "height": 48,
          "justifyContent": "center",
          "opacity": 1,
          "width": 48,
        }
      }
      testID="profile-image"
    >
      <Text
        style={
          [
            {
              "color": "#D9D9D9",
              "fontSize": 16,
              "fontWeight": "bold",
            },
            {
              "color": "#2A5C99",
            },
          ]
        }
      />
    </View>
  </RNCSafeAreaView>
</RNCSafeAreaView>
`;
