// Jest Snapshot v1, https://goo.gl/fbAQLP

exports[`LoginContainer should render correctly 1`] = `
<RNCSafeAreaView
  edges={
    {
      "bottom": "additive",
      "left": "additive",
      "right": "additive",
      "top": "additive",
    }
  }
>
  <RNCSafeAreaView
    edges={
      {
        "bottom": "additive",
        "left": "additive",
        "right": "additive",
        "top": "additive",
      }
    }
    style={
      {
        "alignItems": "center",
        "backgroundColor": "#232E38",
        "flex": 1,
        "justifyContent": "center",
      }
    }
  >
    <Text
      style={
        [
          {
            "color": "#D9D9D9",
            "fontSize": 16,
            "fontWeight": "bold",
          },
          undefined,
        ]
      }
    >
      List Settings
    </Text>
  </RNCSafeAreaView>
</RNCSafeAreaView>
`;
