// Jest Snapshot v1, https://goo.gl/fbAQLP

exports[`AmountContainer should render correctly 1`] = `
<RNCSafeAreaView
  edges={
    {
      "bottom": "additive",
      "left": "additive",
      "right": "additive",
      "top": "additive",
    }
  }
>
  <View
    style={
      {
        "alignItems": "center",
        "backgroundColor": "#2A5C99",
        "flexDirection": "row",
        "justifyContent": "space-between",
        "paddingBottom": 12,
        "paddingHorizontal": 16,
        "paddingTop": 12,
        "width": "100%",
      }
    }
  >
    <View
      accessibilityState={
        {
          "busy": undefined,
          "checked": undefined,
          "disabled": undefined,
          "expanded": undefined,
          "selected": undefined,
        }
      }
      accessibilityValue={
        {
          "max": undefined,
          "min": undefined,
          "now": undefined,
          "text": undefined,
        }
      }
      accessible={true}
      collapsable={false}
      focusable={true}
      onClick={[Function]}
      onResponderGrant={[Function]}
      onResponderMove={[Function]}
      onResponderRelease={[Function]}
      onResponderTerminate={[Function]}
      onResponderTerminationRequest={[Function]}
      onStartShouldSetResponder={[Function]}
      style={
        {
          "opacity": 1,
        }
      }
      testID="btn-left-icon"
    >
      <RNSVGSvgView
        align="xMidYMid"
        bbHeight={24}
        bbWidth={24}
        fill="#FFF"
        focusable={false}
        height={24}
        meetOrSlice={0}
        minX={0}
        minY={-960}
        style={
          [
            {
              "backgroundColor": "transparent",
              "borderWidth": 0,
            },
            {
              "flex": 0,
              "height": 24,
              "width": 24,
            },
          ]
        }
        testID="icon-back"
        vbHeight={960}
        vbWidth={960}
        width={24}
      >
        <RNSVGGroup
          fill={
            {
              "payload": 4294967295,
              "type": 0,
            }
          }
          propList={
            [
              "fill",
            ]
          }
        >
          <RNSVGPath
            d="M360-240 120-480l240-240 56 56-144 144h568v80H272l144 144z"
            fill={
              {
                "payload": 4278190080,
                "type": 0,
              }
            }
          />
        </RNSVGGroup>
      </RNSVGSvgView>
    </View>
    <Text
      style={
        [
          {
            "color": "#D9D9D9",
            "fontSize": 16,
            "fontWeight": 600,
            "lineHeight": 16,
          },
          {
            "color": "#FFF",
          },
        ]
      }
    >
      Valor da transferência
    </Text>
    <View />
  </View>
  <View
    style={
      {
        "backgroundColor": "#232E38",
      }
    }
  >
    <View
      style={
        {
          "backgroundColor": "#2A5C99",
          "paddingHorizontal": 24,
          "paddingVertical": 16,
          "width": "100%",
        }
      }
    >
      <TextInput
        keyboardType="numeric"
        onBlur={[Function]}
        onChangeText={[Function]}
        onFocus={[Function]}
        placeholder="0,00"
        placeholderTextColor="#FFFFFF65"
        selectTextOnFocus={true}
        style={
          {
            "color": "#FFF",
            "fontSize": 40,
            "fontWeight": "700",
            "textAlign": "right",
            "width": "100%",
          }
        }
        testID="input-amount"
        value="R$ 0,00"
      />
    </View>
  </View>
  <RNCSafeAreaView
    edges={
      {
        "bottom": "additive",
        "left": "off",
        "right": "off",
        "top": "off",
      }
    }
    style={
      {
        "backgroundColor": "#232E38",
        "flex": 1,
        "justifyContent": "space-between",
        "paddingHorizontal": 24,
        "paddingVertical": 16,
      }
    }
  >
    <View>
      <View>
        <Text
          style={
            [
              {
                "color": "#D9D9D9",
                "fontSize": 20,
                "fontWeight": 600,
                "lineHeight": 24,
              },
              undefined,
            ]
          }
        >
          Selecione a carteira
        </Text>
        <View
          style={
            {
              "height": 12,
              "width": 0,
            }
          }
          testID="spacer"
        />
        <Text
          style={
            [
              [
                {
                  "color": "#D9D9D9",
                  "fontSize": 14,
                  "lineHeight": 20,
                },
                {
                  "fontWeight": 400,
                },
              ],
              undefined,
            ]
          }
        >
          Para criar uma transferência, precisamos que você informe a carteira:
        </Text>
        <View
          style={
            {
              "height": 12,
              "width": 0,
            }
          }
          testID="spacer"
        />
        <View
          style={
            {
              "alignItems": "center",
              "flexDirection": "row",
              "justifyContent": "space-between",
              "marginHorizontal": "auto",
            }
          }
        >
          <View
            accessibilityState={
              {
                "busy": undefined,
                "checked": undefined,
                "disabled": false,
                "expanded": undefined,
                "selected": undefined,
              }
            }
            accessibilityValue={
              {
                "max": undefined,
                "min": undefined,
                "now": undefined,
                "text": undefined,
              }
            }
            accessible={true}
            collapsable={false}
            focusable={true}
            onClick={[Function]}
            onResponderGrant={[Function]}
            onResponderMove={[Function]}
            onResponderRelease={[Function]}
            onResponderTerminate={[Function]}
            onResponderTerminationRequest={[Function]}
            onStartShouldSetResponder={[Function]}
            style={
              {
                "alignItems": "center",
                "backgroundColor": "#232E38",
                "borderColor": "#FFFFFF33",
                "borderRadius": 8,
                "borderWidth": 1,
                "flexDirection": "row",
                "gap": 16,
                "justifyContent": "space-between",
                "minHeight": 48,
                "opacity": 1,
                "padding": 12,
              }
            }
            testID="source-wallet-dropdown"
          >
            <View
              style={
                {
                  "alignItems": "center",
                  "backgroundColor": "#FF0000",
                  "borderRadius": 50,
                  "height": 48,
                  "justifyContent": "center",
                  "width": 48,
                }
              }
            >
              <RNSVGSvgView
                align="xMidYMid"
                bbHeight={32}
                bbWidth={32}
                fill="#D9D9D9"
                focusable={false}
                height={32}
                meetOrSlice={0}
                minX={0}
                minY={-960}
                style={
                  [
                    {
                      "backgroundColor": "transparent",
                      "borderWidth": 0,
                    },
                    {
                      "flex": 0,
                      "height": 32,
                      "width": 32,
                    },
                  ]
                }
                testID="icon-wallet"
                vbHeight={960}
                vbWidth={960}
                width={32}
              >
                <RNSVGGroup
                  fill={
                    {
                      "payload": 4292467161,
                      "type": 0,
                    }
                  }
                  propList={
                    [
                      "fill",
                    ]
                  }
                >
                  <RNSVGPath
                    d="M240-160q-66 0-113-47T80-320v-320q0-66 47-113t113-47h480q66 0 113 47t47 113v320q0 66-47 113t-113 47zm0-480h480q22 0 42 5t38 16v-21q0-33-23.5-56.5T720-720H240q-33 0-56.5 23.5T160-640v21q18-11 38-16t42-5m-74 130 445 108q9 2 18 0t17-8l139-116q-11-15-28-24.5t-37-9.5H240q-26 0-45.5 13.5T166-510"
                    fill={
                      {
                        "payload": 4278190080,
                        "type": 0,
                      }
                    }
                  />
                </RNSVGGroup>
              </RNSVGSvgView>
            </View>
            <RNSVGSvgView
              align="xMidYMid"
              bbHeight={20}
              bbWidth={20}
              fill="#D9D9D9"
              focusable={false}
              height={20}
              meetOrSlice={0}
              minX={0}
              minY={-960}
              style={
                [
                  {
                    "backgroundColor": "transparent",
                    "borderWidth": 0,
                  },
                  {
                    "flex": 0,
                    "height": 20,
                    "width": 20,
                  },
                ]
              }
              testID="icon-chevron-down"
              vbHeight={960}
              vbWidth={960}
              width={20}
            >
              <RNSVGGroup
                fill={
                  {
                    "payload": 4292467161,
                    "type": 0,
                  }
                }
                propList={
                  [
                    "fill",
                  ]
                }
              >
                <RNSVGPath
                  d="M480-345 240-585l56-56 184 184 184-184 56 56-240 240z"
                  fill={
                    {
                      "payload": 4278190080,
                      "type": 0,
                    }
                  }
                />
              </RNSVGGroup>
            </RNSVGSvgView>
          </View>
        </View>
      </View>
      <View
        style={
          {
            "alignItems": "center",
            "paddingHorizontal": 24,
            "paddingVertical": 16,
          }
        }
      >
        <Text
          style={
            [
              [
                {
                  "color": "#D9D9D9",
                  "fontSize": 14,
                  "lineHeight": 20,
                },
                {
                  "fontWeight": 400,
                },
              ],
              undefined,
            ]
          }
        >
          Data e hora da transferência
        </Text>
        <View
          style={
            {
              "height": 8,
              "width": 0,
            }
          }
          testID="spacer"
        />
        <View
          accessibilityState={
            {
              "busy": undefined,
              "checked": undefined,
              "disabled": undefined,
              "expanded": undefined,
              "selected": undefined,
            }
          }
          accessibilityValue={
            {
              "max": undefined,
              "min": undefined,
              "now": undefined,
              "text": undefined,
            }
          }
          accessible={true}
          collapsable={false}
          focusable={true}
          onClick={[Function]}
          onResponderGrant={[Function]}
          onResponderMove={[Function]}
          onResponderRelease={[Function]}
          onResponderTerminate={[Function]}
          onResponderTerminationRequest={[Function]}
          onStartShouldSetResponder={[Function]}
          style={
            {
              "alignItems": "center",
              "backgroundColor": "#2A5C99",
              "borderRadius": 8,
              "justifyContent": "center",
              "opacity": 1,
              "padding": 20,
            }
          }
          testID="date-button"
        >
          <Text
            style={
              [
                {
                  "color": "#D9D9D9",
                  "fontSize": 20,
                  "fontWeight": 600,
                  "lineHeight": 24,
                },
                {
                  "color": "#FFF",
                  "fontSize": 32,
                  "lineHeight": 40,
                },
              ]
            }
          >
            25
          </Text>
          <Text
            style={
              [
                [
                  {
                    "color": "#D9D9D9",
                    "fontSize": 14,
                    "lineHeight": 20,
                  },
                  {
                    "fontWeight": 400,
                  },
                ],
                {
                  "color": "#FFF",
                  "fontSize": 20,
                },
              ]
            }
          >
            de
             
            julho
          </Text>
          <View
            style={
              {
                "height": 8,
                "width": 0,
              }
            }
            testID="spacer"
          />
          <Text
            style={
              [
                [
                  {
                    "color": "#D9D9D9",
                    "fontSize": 14,
                    "lineHeight": 20,
                  },
                  {
                    "fontWeight": 400,
                  },
                ],
                {
                  "color": "#FFF",
                  "fontSize": 16,
                },
              ]
            }
          >
            15:07
          </Text>
        </View>
      </View>
    </View>
    <View>
      <View
        accessibilityState={
          {
            "busy": undefined,
            "checked": undefined,
            "disabled": false,
            "expanded": undefined,
            "selected": undefined,
          }
        }
        accessibilityValue={
          {
            "max": undefined,
            "min": undefined,
            "now": undefined,
            "text": undefined,
          }
        }
        accessible={true}
        collapsable={false}
        focusable={true}
        onClick={[Function]}
        onResponderGrant={[Function]}
        onResponderMove={[Function]}
        onResponderRelease={[Function]}
        onResponderTerminate={[Function]}
        onResponderTerminationRequest={[Function]}
        onStartShouldSetResponder={[Function]}
        style={
          {
            "alignItems": "center",
            "backgroundColor": "#EAC43D",
            "borderRadius": 12,
            "flexDirection": "row",
            "height": 48,
            "justifyContent": "space-between",
            "opacity": 1,
            "paddingHorizontal": 24,
            "paddingVertical": 12,
            "width": "100%",
          }
        }
        testID="btn-confirm"
      >
        <View />
        <Text
          style={
            [
              [
                {
                  "color": "#D9D9D9",
                  "fontSize": 16,
                  "lineHeight": 24,
                },
                {
                  "fontWeight": 600,
                },
              ],
              {
                "color": "#FFF",
              },
            ]
          }
        >
          Continuar
        </Text>
        <View />
      </View>
    </View>
  </RNCSafeAreaView>
</RNCSafeAreaView>
`;
