// Jest Snapshot v1, https://goo.gl/fbAQLP

exports[`InitialValueContainer should render correctly 1`] = `
<RNCSafeAreaView
  edges={
    {
      "bottom": "additive",
      "left": "additive",
      "right": "additive",
      "top": "additive",
    }
  }
>
  <View
    style={
      {
        "alignItems": "center",
        "backgroundColor": "#2A5C99",
        "flexDirection": "row",
        "justifyContent": "space-between",
        "paddingBottom": 12,
        "paddingHorizontal": 16,
        "paddingTop": 12,
        "width": "100%",
      }
    }
  >
    <View
      accessibilityState={
        {
          "busy": undefined,
          "checked": undefined,
          "disabled": undefined,
          "expanded": undefined,
          "selected": undefined,
        }
      }
      accessibilityValue={
        {
          "max": undefined,
          "min": undefined,
          "now": undefined,
          "text": undefined,
        }
      }
      accessible={true}
      collapsable={false}
      focusable={true}
      onClick={[Function]}
      onResponderGrant={[Function]}
      onResponderMove={[Function]}
      onResponderRelease={[Function]}
      onResponderTerminate={[Function]}
      onResponderTerminationRequest={[Function]}
      onStartShouldSetResponder={[Function]}
      style={
        {
          "opacity": 1,
        }
      }
      testID="btn-left-icon"
    >
      <RNSVGSvgView
        align="xMidYMid"
        bbHeight={24}
        bbWidth={24}
        fill="#FFF"
        focusable={false}
        height={24}
        meetOrSlice={0}
        minX={0}
        minY={-960}
        style={
          [
            {
              "backgroundColor": "transparent",
              "borderWidth": 0,
            },
            {
              "flex": 0,
              "height": 24,
              "width": 24,
            },
          ]
        }
        testID="icon-back"
        vbHeight={960}
        vbWidth={960}
        width={24}
      >
        <RNSVGGroup
          fill={
            {
              "payload": 4294967295,
              "type": 0,
            }
          }
          propList={
            [
              "fill",
            ]
          }
        >
          <RNSVGPath
            d="M360-240 120-480l240-240 56 56-144 144h568v80H272l144 144z"
            fill={
              {
                "payload": 4278190080,
                "type": 0,
              }
            }
          />
        </RNSVGGroup>
      </RNSVGSvgView>
    </View>
    <Text
      style={
        [
          {
            "color": "#D9D9D9",
            "fontSize": 16,
            "fontWeight": 600,
            "lineHeight": 16,
          },
          {
            "color": "#FFF",
          },
        ]
      }
    >
      Valor Inicial
    </Text>
    <View />
  </View>
  <View
    onLayout={[Function]}
    style={
      [
        {
          "flex": 1,
        },
        {
          "paddingBottom": 0,
        },
      ]
    }
  >
    <RNCSafeAreaView
      accessibilityState={
        {
          "busy": undefined,
          "checked": undefined,
          "disabled": undefined,
          "expanded": undefined,
          "selected": undefined,
        }
      }
      accessible={true}
      edges={
        {
          "bottom": "additive",
          "left": "off",
          "right": "off",
          "top": "off",
        }
      }
      focusable={true}
      onClick={[Function]}
      onResponderGrant={[Function]}
      onResponderMove={[Function]}
      onResponderRelease={[Function]}
      onResponderTerminate={[Function]}
      onResponderTerminationRequest={[Function]}
      onStartShouldSetResponder={[Function]}
      style={
        {
          "backgroundColor": "#232E38",
          "flex": 1,
          "justifyContent": "space-between",
          "paddingHorizontal": 24,
          "paddingVertical": 16,
        }
      }
    >
      <View
        style={
          {
            "alignItems": "center",
            "backgroundColor": "#232E38",
            "borderColor": "#FFFFFF33",
            "borderRadius": 8,
            "borderWidth": 1,
            "flexDirection": "row",
            "paddingHorizontal": 8,
            "width": "100%",
          }
        }
      >
        <View
          style={
            {
              "marginRight": 4,
            }
          }
        >
          <RNSVGSvgView
            align="xMidYMid"
            bbHeight={24}
            bbWidth={24}
            fill="#FFF"
            focusable={false}
            height={24}
            meetOrSlice={0}
            minX={0}
            minY={-960}
            style={
              [
                {
                  "backgroundColor": "transparent",
                  "borderWidth": 0,
                },
                {
                  "flex": 0,
                  "height": 24,
                  "width": 24,
                },
              ]
            }
            testID="icon-money"
            vbHeight={960}
            vbWidth={960}
            width={24}
          >
            <RNSVGGroup
              fill={
                {
                  "payload": 4294967295,
                  "type": 0,
                }
              }
              propList={
                [
                  "fill",
                ]
              }
            >
              <RNSVGPath
                d="M441-120v-86q-53-12-91.5-46T293-348l74-30q15 48 44.5 73t77.5 25q41 0 69.5-18.5T587-356q0-35-22-55.5T463-458q-86-27-118-64.5T313-614q0-65 42-101t86-41v-84h80v84q50 8 82.5 36.5T651-650l-74 32q-12-32-34-48t-60-16q-44 0-67 19.5T393-614q0 33 30 52t104 40q69 20 104.5 63.5T667-358q0 71-42 108t-104 46v84z"
                fill={
                  {
                    "payload": 4278190080,
                    "type": 0,
                  }
                }
              />
            </RNSVGGroup>
          </RNSVGSvgView>
        </View>
        <TextInput
          editable={true}
          keyboardType="numeric"
          onBlur={[Function]}
          onChangeText={[MockFunction]}
          onFocus={[Function]}
          placeholder="0,00"
          placeholderTextColor="#FFFFFF65"
          selectTextOnFocus={true}
          style={
            {
              "color": "#D9D9D9",
              "paddingVertical": 12,
              "width": "100%",
            }
          }
          testID="input-name"
          value=""
        />
      </View>
      <View
        accessibilityState={
          {
            "busy": undefined,
            "checked": undefined,
            "disabled": false,
            "expanded": undefined,
            "selected": undefined,
          }
        }
        accessibilityValue={
          {
            "max": undefined,
            "min": undefined,
            "now": undefined,
            "text": undefined,
          }
        }
        accessible={true}
        collapsable={false}
        focusable={true}
        onClick={[Function]}
        onResponderGrant={[Function]}
        onResponderMove={[Function]}
        onResponderRelease={[Function]}
        onResponderTerminate={[Function]}
        onResponderTerminationRequest={[Function]}
        onStartShouldSetResponder={[Function]}
        style={
          {
            "alignItems": "center",
            "backgroundColor": "#EAC43D",
            "borderRadius": 12,
            "flexDirection": "row",
            "height": 48,
            "justifyContent": "space-between",
            "opacity": 1,
            "paddingHorizontal": 24,
            "paddingVertical": 12,
            "width": "100%",
          }
        }
        testID="btn-confirm"
      >
        <View />
        <Text
          style={
            [
              [
                {
                  "color": "#D9D9D9",
                  "fontSize": 16,
                  "lineHeight": 24,
                },
                {
                  "fontWeight": 600,
                },
              ],
              {
                "color": "#FFF",
              },
            ]
          }
        >
          Criar carteira
        </Text>
        <View />
      </View>
    </RNCSafeAreaView>
  </View>
</RNCSafeAreaView>
`;
