// Jest Snapshot v1, https://goo.gl/fbAQLP

exports[`TitleScreen should render correctly with default props 1`] = `
<RNCSafeAreaView
  edges={
    {
      "bottom": "additive",
      "left": "additive",
      "right": "additive",
      "top": "additive",
    }
  }
>
  <View
    style={
      {
        "alignItems": "center",
        "backgroundColor": "#2A5C99",
        "flexDirection": "row",
        "justifyContent": "space-between",
        "paddingBottom": 12,
        "paddingHorizontal": 16,
        "paddingTop": 12,
        "width": "100%",
      }
    }
  >
    <View
      accessibilityState={
        {
          "busy": undefined,
          "checked": undefined,
          "disabled": undefined,
          "expanded": undefined,
          "selected": undefined,
        }
      }
      accessibilityValue={
        {
          "max": undefined,
          "min": undefined,
          "now": undefined,
          "text": undefined,
        }
      }
      accessible={true}
      collapsable={false}
      focusable={true}
      onClick={[Function]}
      onResponderGrant={[Function]}
      onResponderMove={[Function]}
      onResponderRelease={[Function]}
      onResponderTerminate={[Function]}
      onResponderTerminationRequest={[Function]}
      onStartShouldSetResponder={[Function]}
      style={
        {
          "opacity": 1,
        }
      }
      testID="btn-left-icon"
    >
      <RNSVGSvgView
        align="xMidYMid"
        bbHeight={24}
        bbWidth={24}
        fill="#FFF"
        focusable={false}
        height={24}
        meetOrSlice={0}
        minX={0}
        minY={-960}
        style={
          [
            {
              "backgroundColor": "transparent",
              "borderWidth": 0,
            },
            {
              "flex": 0,
              "height": 24,
              "width": 24,
            },
          ]
        }
        testID="icon-back"
        vbHeight={960}
        vbWidth={960}
        width={24}
      >
        <RNSVGGroup
          fill={
            {
              "payload": 4294967295,
              "type": 0,
            }
          }
          propList={
            [
              "fill",
            ]
          }
        >
          <RNSVGPath
            d="M360-240 120-480l240-240 56 56-144 144h568v80H272l144 144z"
            fill={
              {
                "payload": 4278190080,
                "type": 0,
              }
            }
          />
        </RNSVGGroup>
      </RNSVGSvgView>
    </View>
    <Text
      style={
        [
          {
            "color": "#D9D9D9",
            "fontSize": 16,
            "fontWeight": 600,
            "lineHeight": 16,
          },
          {
            "color": "#FFF",
          },
        ]
      }
    >
      Título
    </Text>
    <View />
  </View>
  <View
    onLayout={[Function]}
    style={
      [
        {
          "flex": 1,
        },
        {
          "paddingBottom": 0,
        },
      ]
    }
  >
    <RNCSafeAreaView
      accessibilityState={
        {
          "busy": undefined,
          "checked": undefined,
          "disabled": undefined,
          "expanded": undefined,
          "selected": undefined,
        }
      }
      accessible={true}
      edges={
        {
          "bottom": "additive",
          "left": "off",
          "right": "off",
          "top": "off",
        }
      }
      focusable={true}
      onClick={[Function]}
      onResponderGrant={[Function]}
      onResponderMove={[Function]}
      onResponderRelease={[Function]}
      onResponderTerminate={[Function]}
      onResponderTerminationRequest={[Function]}
      onStartShouldSetResponder={[Function]}
      style={
        {
          "backgroundColor": "#232E38",
          "flex": 1,
          "justifyContent": "space-between",
          "paddingHorizontal": 24,
          "paddingVertical": 16,
        }
      }
    >
      <View>
        <Text
          style={
            [
              {
                "color": "#D9D9D9",
                "fontSize": 20,
                "fontWeight": 600,
                "lineHeight": 24,
              },
              undefined,
            ]
          }
        >
          Digite o título
        </Text>
        <View
          style={
            {
              "height": 12,
              "width": 0,
            }
          }
          testID="spacer"
        />
        <Text
          style={
            [
              [
                {
                  "color": "#D9D9D9",
                  "fontSize": 14,
                  "lineHeight": 20,
                },
                {
                  "fontWeight": 400,
                },
              ],
              undefined,
            ]
          }
        >
          Para criar uma transferência, precisamos que você digite um título para identificá-la:
        </Text>
        <View
          style={
            {
              "height": 24,
              "width": 0,
            }
          }
          testID="spacer"
        />
        <View
          style={
            {
              "alignItems": "center",
              "backgroundColor": "#232E38",
              "borderColor": "#FFFFFF33",
              "borderRadius": 8,
              "borderWidth": 1,
              "flexDirection": "row",
              "paddingHorizontal": 16,
              "width": "100%",
            }
          }
        >
          <TextInput
            editable={true}
            onBlur={[Function]}
            onChangeText={[Function]}
            onFocus={[Function]}
            placeholder="Ex: Pagamento da conta de luz"
            placeholderTextColor="#FFFFFF65"
            selectTextOnFocus={true}
            style={
              {
                "color": "#D9D9D9",
                "paddingVertical": 12,
                "width": "100%",
              }
            }
            testID="input-title"
            value=""
          />
        </View>
      </View>
      <View>
        <View
          accessibilityState={
            {
              "busy": undefined,
              "checked": undefined,
              "disabled": true,
              "expanded": undefined,
              "selected": undefined,
            }
          }
          accessibilityValue={
            {
              "max": undefined,
              "min": undefined,
              "now": undefined,
              "text": undefined,
            }
          }
          accessible={true}
          collapsable={false}
          focusable={false}
          onClick={[Function]}
          onResponderGrant={[Function]}
          onResponderMove={[Function]}
          onResponderRelease={[Function]}
          onResponderTerminate={[Function]}
          onResponderTerminationRequest={[Function]}
          onStartShouldSetResponder={[Function]}
          style={
            {
              "alignItems": "center",
              "backgroundColor": "#4F4F4F",
              "borderRadius": 12,
              "flexDirection": "row",
              "height": 48,
              "justifyContent": "space-between",
              "opacity": 1,
              "paddingHorizontal": 24,
              "paddingVertical": 12,
              "width": "100%",
            }
          }
          testID="btn-confirm"
        >
          <View />
          <Text
            style={
              [
                [
                  {
                    "color": "#D9D9D9",
                    "fontSize": 16,
                    "lineHeight": 24,
                  },
                  {
                    "fontWeight": 600,
                  },
                ],
                {
                  "color": "#FFF",
                },
              ]
            }
          >
            Continuar
          </Text>
          <View />
        </View>
      </View>
    </RNCSafeAreaView>
  </View>
</RNCSafeAreaView>
`;
