// Jest Snapshot v1, https://goo.gl/fbAQLP

exports[`Divider renders correctly 1`] = `
<View
  style={
    {
      "backgroundColor": "#FFFFFF33",
      "height": 2,
      "width": "100%",
    }
  }
/>
`;
